../Core/Src/main.c:69:5:_write	24	static
../Core/Src/main.c:75:6:process_character	16	static
../Core/Src/main.c:95:6:HAL_UARTEx_RxEventCallback	16	static
../Core/Src/main.c:116:6:HAL_UART_ErrorCallback	16	static
../Core/Src/main.c:128:5:main	40	static
../Core/Src/main.c:221:6:SystemClock_Config	88	static
../Core/Src/main.c:270:13:MX_UART4_Init	8	static
../Core/Src/main.c:303:13:MX_UART5_Init	8	static
../Core/Src/main.c:336:13:MX_USART2_UART_Init	8	static
../Core/Src/main.c:367:13:MX_DMA_Init	16	static
../Core/Src/main.c:388:13:MX_GPIO_Init	48	static
../Core/Src/main.c:425:6:Error_Handler	4	static,ignoring_inline_asm
