../Drivers/CMSIS/Include/core_cm4.h:2064:26:ITM_SendChar	4
../Core/Src/main.c:76:5:_write	5
../Core/Src/main.c:104:6:HAL_TIM_PeriodElapsedCallback	2
../Core/Src/main.c:114:6:led_flash	2
../Core/Src/main.c:128:6:process_character	3
../Core/Src/main.c:148:6:HAL_UARTEx_RxEventCallback	5
../Core/Src/main.c:176:6:HAL_UART_ErrorCallback	1
../Core/Src/main.c:188:5:main	4
../Core/Src/main.c:290:6:SystemClock_Config	3
../Core/Src/main.c:337:13:MX_TIM6_Init	3
../Core/Src/main.c:375:13:MX_UART4_Init	2
../Core/Src/main.c:408:13:MX_UART5_Init	2
../Core/Src/main.c:441:13:MX_USART2_UART_Init	2
../Core/Src/main.c:472:13:MX_DMA_Init	1
../Core/Src/main.c:493:13:MX_GPIO_Init	1
../Core/Src/main.c:529:6:Error_Handler	1
