../Core/Src/main.c:69:5:_write	1
../Core/Src/main.c:75:6:process_character	3
../Core/Src/main.c:95:6:HAL_UARTEx_RxEventCallback	4
../Core/Src/main.c:116:6:HAL_UART_ErrorCallback	1
../Core/Src/main.c:128:5:main	4
../Core/Src/main.c:221:6:SystemClock_Config	3
../Core/Src/main.c:270:13:MX_UART4_Init	2
../Core/Src/main.c:303:13:MX_UART5_Init	2
../Core/Src/main.c:336:13:MX_USART2_UART_Init	2
../Core/Src/main.c:367:13:MX_DMA_Init	1
../Core/Src/main.c:388:13:MX_GPIO_Init	1
../Core/Src/main.c:425:6:Error_Handler	1
