../Core/Src/main.c:76:5:_write	24	static
../Core/Src/main.c:82:6:HAL_TIM_PeriodElapsedCallback	16	static
../Core/Src/main.c:92:6:led_flash	8	static
../Core/Src/main.c:105:6:process_character	16	static
../Core/Src/main.c:125:6:HAL_UARTEx_RxEventCallback	16	static
../Core/Src/main.c:153:6:HAL_UART_ErrorCallback	16	static
../Core/Src/main.c:165:5:main	32	static
../Core/Src/main.c:258:6:SystemClock_Config	88	static
../Core/Src/main.c:307:13:MX_TIM6_Init	16	static
../Core/Src/main.c:346:13:MX_UART4_Init	8	static
../Core/Src/main.c:379:13:MX_UART5_Init	8	static
../Core/Src/main.c:412:13:MX_USART2_UART_Init	8	static
../Core/Src/main.c:443:13:MX_DMA_Init	16	static
../Core/Src/main.c:464:13:MX_GPIO_Init	48	static
../Core/Src/main.c:501:6:Error_Handler	4	static,ignoring_inline_asm
