../Core/Src/main.c:428:13:MX_GPIO_Init	1
../Core/Src/main.c:410:13:MX_DMA_Init	1
../Core/Src/main.c:100:5:_write	1
../Core/Src/main.c:106:6:process_buffer	3
../Core/Src/main.c:121:6:HAL_DAC_ConvHalfCpltCallbackCh1	1
../Core/Src/main.c:127:6:HAL_DAC_ConvCpltCallbackCh1	1
../Core/Src/main.c:133:6:HAL_DACEx_ConvHalfCpltCallbackCh2	1
../Core/Src/main.c:139:6:HAL_DACEx_ConvCpltCallbackCh2	1
../Core/Src/main.c:471:6:Error_Handler	1
../Core/Src/main.c:379:13:MX_USART2_UART_Init	1
../Core/Src/main.c:299:13:MX_DAC_Init	1
../Core/Src/main.c:340:13:MX_TIM6_Init	1
../Core/Src/main.c:243:6:SystemClock_Config	1
../Core/Src/main.c:162:5:main	3
