../Drivers/CMSIS/Include/core_cm4.h:2064:26:ITM_SendChar	4
../Core/Src/main.c:68:13:lcd_write_nibble	2
../Core/Src/main.c:83:13:lcd_write_byte	1
../Core/Src/main.c:89:13:lcd_init	1
../Core/Src/main.c:114:13:lcd_clear	1
../Core/Src/main.c:120:13:lcd_set_cursor	2
../Core/Src/main.c:126:13:lcd_print	2
../Core/Src/main.c:134:6:ScanU2CAddresses	5
../Core/Src/main.c:158:5:_write	5
../Core/Src/main.c:192:5:main	3
../Core/Src/main.c:277:6:SystemClock_Config	4
../Core/Src/main.c:333:13:MX_I2C1_Init	2
../Core/Src/main.c:367:13:MX_USART2_UART_Init	2
../Core/Src/main.c:400:13:MX_GPIO_Init	1
../Core/Src/main.c:424:6:Error_Handler	1
