../Drivers/CMSIS/Include/core_cm4.h:2064:26:ITM_SendChar	16	static,ignoring_inline_asm
../Core/Src/main.c:69:6:lcd_write_nibble	32	static
../Core/Src/main.c:84:6:lcd_write_byte	16	static
../Core/Src/main.c:90:6:lcd_init	8	static
../Core/Src/main.c:115:6:lcd_clear	8	static
../Core/Src/main.c:121:6:lcd_set_cursor	24	static
../Core/Src/main.c:127:6:lcd_print	16	static
../Core/Src/main.c:135:6:ScanU2CAddresses	16	static
../Core/Src/main.c:159:5:_write	32	static
../Core/Src/main.c:193:5:main	152	static
../Core/Src/main.c:278:6:SystemClock_Config	88	static
../Core/Src/main.c:334:13:MX_I2C1_Init	8	static
../Core/Src/main.c:368:13:MX_USART2_UART_Init	8	static
../Core/Src/main.c:401:13:MX_GPIO_Init	24	static
../Core/Src/main.c:425:6:Error_Handler	4	static,ignoring_inline_asm
