../Drivers/CMSIS/Include/core_cm4.h:2064:26:ITM_SendChar	16	static,ignoring_inline_asm
../Core/Src/main.c:68:13:lcd_write_nibble	32	static
../Core/Src/main.c:77:13:lcd_write_byte	16	static
../Core/Src/main.c:83:13:lcd_init	8	static
../Core/Src/main.c:108:13:lcd_print	16	static
../Core/Src/main.c:116:5:_write	32	static
../Core/Src/main.c:150:5:main	168	static
../Core/Src/main.c:231:6:SystemClock_Config	88	static
../Core/Src/main.c:287:13:MX_I2C1_Init	8	static
../Core/Src/main.c:321:13:MX_USART2_UART_Init	8	static
../Core/Src/main.c:354:13:MX_GPIO_Init	24	static
../Core/Src/main.c:378:6:Error_Handler	4	static,ignoring_inline_asm
